// Jest Snapshot v1, https://goo.gl/fbAQLP

exports[`<Profile /> matches snapshot 1`] = `
<div>
  <div
    data-testid="profile"
  >
    <b>
      username1
    </b>
    Â 
    <span>
      (
      name1
      )
    </span>
  </div>
</div>
`;
